<?xml version="1.0" encoding="UTF-8"?>
<testsuites name="jest tests" tests="2" failures="0" errors="0" time="28.798">
  <testsuite name="undefined" errors="0" failures="0" skipped="0" timestamp="2022-02-20T09:45:17" time="9.627" tests="1">
    <testcase classname=" renders offline status" name=" renders offline status" time="0.268">
    </testcase>
  </testsuite>
  <testsuite name="undefined" errors="0" failures="0" skipped="0" timestamp="2022-02-20T09:45:17" time="10.425" tests="1">
    <testcase classname=" renders a title" name=" renders a title" time="0.623">
    </testcase>
  </testsuite>
</testsuites>